
[TestGrpc - 1]
[
 {
  "Request": {
   "name": "username",
   "properties": {},
   "type": "random:index/randomPet:RandomPet",
   "urn": "urn:pulumi:test::yaml_program::random:index/randomPet:RandomPet::username"
  },
  "Response": {
   "id": "<Any value>",
   "properties": {
    "id": "<Any value>",
    "length": 2,
    "separator": "-"
   }
  }
 }
]
---
